../Core/Src/myTime.c:7:6:clock_Init	8	static
../Core/Src/myTime.c:15:6:initClock	4	static
../Core/Src/myTime.c:95:6:getCurrentTime	24	static
../Core/Src/myTime.c:164:6:setCurrentTime	40	static
../Core/Src/myTime.c:177:6:getCurrentDate	24	static
../Core/Src/myTime.c:205:6:setCurrentDate	24	static
../Core/Src/myTime.c:215:9:BCDtoBinary	24	static
../Core/Src/myTime.c:222:9:BinarytoBCD	24	static
../Core/Src/myTime.c:229:6:CreateTime	32	static
../Core/Src/myTime.c:250:6:CreateDate	32	static
../Core/Src/myTime.c:272:6:MX_RTC_Init	8	static
