../Drivers/CMSIS/Include/core_cm4.h:1676:26:__NVIC_GetPriorityGrouping	4	static
../Drivers/CMSIS/Include/core_cm4.h:1688:22:__NVIC_EnableIRQ	16	static
../Drivers/CMSIS/Include/core_cm4.h:1816:22:__NVIC_SetPriority	16	static
../Drivers/CMSIS/Include/core_cm4.h:1863:26:NVIC_EncodePriority	40	static
../Core/Src/UART_LIN.c:22:6:UART_Init	24	static
../Core/Src/UART_LIN.c:56:6:USART3_IRQHandler	32	static
../Core/Src/UART_LIN.c:128:6:SendLINMessage	24	static
../Core/Src/UART_LIN.c:141:6:SendLINRequest	16	static
../Core/Src/UART_LIN.c:157:6:sync_break	8	static
../Core/Src/UART_LIN.c:165:6:UART_PutChar	16	static
../Core/Src/UART_LIN.c:173:5:slave_response	8	static
../Core/Src/UART_LIN.c:181:9:checksum	24	static
